// Jest Snapshot v1, https://goo.gl/fbAQLP

exports[`PokemonPage component Snapshot match with pokemons ready 1`] = `
<div class="bg-red-200 p-4">
  <h1>Who is this pokemon?</h1>
  <h3 class="font-bold text-2xl">Score: 0</h3>
</div>
<div>
  <div class="" pokemon-test-id="image">
    <div class="select-none w-full h-52 flex flex-col justify-center items-center "><img class="filter brightness-0 w-52 h-52 absolute select-none" src="https://raw.githubusercontent.com/PokeAPI/sprites/master/sprites/pokemon/other/dream-world/602.svg" alt="Pokemon Shadow">
      <!--v-if-->
    </div>
  </div>
  <div class="flex flex-col items-center" pokemon-test-id="options">
    <ul class="">
      <li class="bg-red-200 my-4 w-36 py-1 hover:bg-red-400 rounded-md cursor-pointer transition-colors"><span class="text-red-400">tynamo</span></li>
      <li class="bg-red-200 my-4 w-36 py-1 hover:bg-red-400 rounded-md cursor-pointer transition-colors"><span class="text-red-400">mr-mime</span></li>
      <li class="bg-red-200 my-4 w-36 py-1 hover:bg-red-400 rounded-md cursor-pointer transition-colors"><span class="text-red-400">mandibuzz</span></li>
      <li class="bg-red-200 my-4 w-36 py-1 hover:bg-red-400 rounded-md cursor-pointer transition-colors"><span class="text-red-400">spheal</span></li>
    </ul>
  </div><!-- <div v-if="showResult"> -->
  <h2></h2>
  <div class="flex gap-4 justify-center"><button class="bg-red-100 px-3 py-1 rounded-lg border-2 border-black hover:bg-red-300">Next pokemon</button><button class="bg-red-100 px-3 py-1 rounded-lg border-2 border-black hover:bg-red-300">New game</button></div>
</div>
`;
